Tests run: 11
Failures: 0
Errors: 0
